%!Adobe-FontList 1.24
%Locale:0x409

%BeginFont
Handler:DirectoryHandler
FontType:Invalid
OutlineFileName:/Volumes/BIGDATA2/Klanten Q-Z/Rubco/23_RUBC_T02730 PETS verpakkingen-naam-logo-look&feel/package/C-Animooh!_Geurvernietiger_Voorwerpen_Citroen_185x110mm_V4 Folder/Document fonts/AdobeFnt24.lst
FileLength:10091
FileModTime:769341294
%EndFont

%BeginFont
Handler:DirectoryHandler
FontType:Type1
FontName:BrauerNeueStd-Black
FamilyName:Brauer Neue Std
StyleName:Black
MenuName:BrauerNeueStd-Black
StyleBits:0
WeightClass:400
WidthClass:5
AngleClass:0
FullName:BrauerNeueStd-Black
WritingScript:Roman
OutlineFileName:/Volumes/BIGDATA2/Klanten Q-Z/Rubco/23_RUBC_T02730 PETS verpakkingen-naam-logo-look&feel/package/C-Animooh!_Geurvernietiger_Voorwerpen_Citroen_185x110mm_V4 Folder/Document fonts/BrauerNeueStd-Black.otf
DataFormat:sfntData
UsesStandardEncoding:yes
isCFF:yes
hasSVG:no
hasSBIX:no
hasCOLR:no
VariableFontType:NonVariableFont
FileLength:54192
FileModTime:759338193
NameArray:0,Mac,4,BrauerNeueStd-Black
NameArray:0,Win,1,BrauerNeueStd-Black
NameArray:0,Win,16,Brauer Neue Std
%EndFont

%BeginFont
Handler:DirectoryHandler
FontType:Type1
FontName:BrauerNeueStd-BlackItalic
FamilyName:Brauer Neue Std
StyleName:Black Italic
MenuName:BrauerNeueStd-BlackItalic
StyleBits:0
WeightClass:400
WidthClass:5
AngleClass:0
FullName:BrauerNeueStd-BlackItalic
WritingScript:Roman
OutlineFileName:/Volumes/BIGDATA2/Klanten Q-Z/Rubco/23_RUBC_T02730 PETS verpakkingen-naam-logo-look&feel/package/C-Animooh!_Geurvernietiger_Voorwerpen_Citroen_185x110mm_V4 Folder/Document fonts/BrauerNeueStd-BlackItalic.otf
DataFormat:sfntData
UsesStandardEncoding:yes
isCFF:yes
hasSVG:no
hasSBIX:no
hasCOLR:no
VariableFontType:NonVariableFont
FileLength:55276
FileModTime:759338198
NameArray:0,Mac,4,BrauerNeueStd-BlackItalic
NameArray:0,Win,1,BrauerNeueStd-BlackItalic
NameArray:0,Win,16,Brauer Neue Std
%EndFont

%BeginFont
Handler:DirectoryHandler
FontType:Type1
FontName:BrauerNeueStd-Bold
FamilyName:Brauer Neue Std
StyleName:Bold
MenuName:BrauerNeueStd-Bold
StyleBits:0
WeightClass:400
WidthClass:5
AngleClass:0
FullName:BrauerNeueStd-Bold
WritingScript:Roman
OutlineFileName:/Volumes/BIGDATA2/Klanten Q-Z/Rubco/23_RUBC_T02730 PETS verpakkingen-naam-logo-look&feel/package/C-Animooh!_Geurvernietiger_Voorwerpen_Citroen_185x110mm_V4 Folder/Document fonts/BrauerNeueStd-Bold.otf
DataFormat:sfntData
UsesStandardEncoding:yes
isCFF:yes
hasSVG:no
hasSBIX:no
hasCOLR:no
VariableFontType:NonVariableFont
FileLength:52860
FileModTime:759329933
NameArray:0,Mac,4,BrauerNeueStd-Bold
NameArray:0,Win,1,BrauerNeueStd-Bold
NameArray:0,Win,16,Brauer Neue Std
%EndFont

%BeginFont
Handler:DirectoryHandler
FontType:Type1
FontName:BrauerNeueStd-Italic
FamilyName:Brauer Neue Std
StyleName:Italic
MenuName:BrauerNeueStd-Italic
StyleBits:0
WeightClass:400
WidthClass:5
AngleClass:0
FullName:BrauerNeueStd-Italic
WritingScript:Roman
OutlineFileName:/Volumes/BIGDATA2/Klanten Q-Z/Rubco/23_RUBC_T02730 PETS verpakkingen-naam-logo-look&feel/package/C-Animooh!_Geurvernietiger_Voorwerpen_Citroen_185x110mm_V4 Folder/Document fonts/BrauerNeueStd-Italic.otf
DataFormat:sfntData
UsesStandardEncoding:yes
isCFF:yes
hasSVG:no
hasSBIX:no
hasCOLR:no
VariableFontType:NonVariableFont
FileLength:59876
FileModTime:759338199
NameArray:0,Mac,4,BrauerNeueStd-Italic
NameArray:0,Win,1,BrauerNeueStd-Italic
NameArray:0,Win,16,Brauer Neue Std
%EndFont

%BeginFont
Handler:DirectoryHandler
FontType:Type1
FontName:BrauerNeueStd-Regular
FamilyName:Brauer Neue Std
StyleName:Regular
MenuName:BrauerNeueStd-Regular
StyleBits:0
WeightClass:400
WidthClass:5
AngleClass:0
FullName:BrauerNeueStd-Regular
WritingScript:Roman
OutlineFileName:/Volumes/BIGDATA2/Klanten Q-Z/Rubco/23_RUBC_T02730 PETS verpakkingen-naam-logo-look&feel/package/C-Animooh!_Geurvernietiger_Voorwerpen_Citroen_185x110mm_V4 Folder/Document fonts/BrauerNeueStd-Regular.otf
DataFormat:sfntData
UsesStandardEncoding:yes
isCFF:yes
hasSVG:no
hasSBIX:no
hasCOLR:no
VariableFontType:NonVariableFont
FileLength:56068
FileModTime:759329933
NameArray:0,Mac,4,BrauerNeueStd-Regular
NameArray:0,Win,1,BrauerNeueStd-Regular
NameArray:0,Win,16,Brauer Neue Std
%EndFont

%BeginFont
Handler:DirectoryHandler
FontType:Type1
FontName:MinionPro-Regular
FamilyName:Minion Pro
StyleName:Regular
MenuName:Minion Pro
StyleBits:0
WeightClass:400
WidthClass:5
AngleClass:0
FullName:Minion Pro
WritingScript:Roman
OutlineFileName:/Volumes/BIGDATA2/Klanten Q-Z/Rubco/23_RUBC_T02730 PETS verpakkingen-naam-logo-look&feel/package/C-Animooh!_Geurvernietiger_Voorwerpen_Citroen_185x110mm_V4 Folder/Document fonts/MinionPro-Regular.otf
DataFormat:sfntData
UsesStandardEncoding:yes
isCFF:yes
hasSVG:no
hasSBIX:no
hasCOLR:no
VariableFontType:NonVariableFont
FileLength:204344
FileModTime:759329853
DesignSize:110
NameArray:0,Mac,4,Minion Pro
NameArray:0,Win,1,Minion Pro
%EndFont

%BeginFont
Handler:DirectoryHandler
FontType:TrueType
FontName:PTSans-Bold
FamilyName:PT Sans
StyleName:Bold
MenuName:PT Sans
StyleBits:2
WeightClass:700
WidthClass:5
AngleClass:0
FullName:PT Sans Bold
WritingScript:Roman
OutlineFileName:/Volumes/BIGDATA2/Klanten Q-Z/Rubco/23_RUBC_T02730 PETS verpakkingen-naam-logo-look&feel/package/C-Animooh!_Geurvernietiger_Voorwerpen_Citroen_185x110mm_V4 Folder/Document fonts/PTSans.ttc
TTCOffset:2380
DataFormat:sfntData
hasSVG:no
hasSBIX:no
hasCOLR:no
VariableFontType:NonVariableFont
FileLength:2794628
FileModTime:751276160
NameArray:0,Mac,18,PT Sans Bold
NameArray:0,Mac,4,PT Sans Bold
NameArray:0,Win,1,PT Sans
%EndFont

%BeginFont
Handler:DirectoryHandler
FontType:TrueType
FontName:PTSans-BoldItalic
FamilyName:PT Sans
StyleName:Bold Italic
MenuName:PT Sans
StyleBits:3
WeightClass:700
WidthClass:5
AngleClass:1
FullName:PT Sans Bold Italic
WritingScript:Roman
OutlineFileName:/Volumes/BIGDATA2/Klanten Q-Z/Rubco/23_RUBC_T02730 PETS verpakkingen-naam-logo-look&feel/package/C-Animooh!_Geurvernietiger_Voorwerpen_Citroen_185x110mm_V4 Folder/Document fonts/PTSans.ttc
TTCOffset:2048
DataFormat:sfntData
hasSVG:no
hasSBIX:no
hasCOLR:no
VariableFontType:NonVariableFont
FileLength:2794628
FileModTime:751276160
NameArray:0,Mac,18,PT Sans Bold Italic
NameArray:0,Mac,4,PT Sans Bold Italic
NameArray:0,Win,1,PT Sans
%EndFont

%BeginFont
Handler:DirectoryHandler
FontType:TrueType
FontName:PTSans-Caption
FamilyName:PT Sans Caption
StyleName:Regular
MenuName:PT Sans Caption
StyleBits:0
WeightClass:400
WidthClass:5
AngleClass:0
FullName:PT Sans Caption
WritingScript:Roman
OutlineFileName:/Volumes/BIGDATA2/Klanten Q-Z/Rubco/23_RUBC_T02730 PETS verpakkingen-naam-logo-look&feel/package/C-Animooh!_Geurvernietiger_Voorwerpen_Citroen_185x110mm_V4 Folder/Document fonts/PTSans.ttc
TTCOffset:1716
DataFormat:sfntData
hasSVG:no
hasSBIX:no
hasCOLR:no
VariableFontType:NonVariableFont
FileLength:2794628
FileModTime:751276160
NameArray:0,Mac,18,PT Sans Caption
NameArray:0,Mac,4,PT Sans Caption
NameArray:0,Win,1,PT Sans Caption
%EndFont

%BeginFont
Handler:DirectoryHandler
FontType:TrueType
FontName:PTSans-CaptionBold
FamilyName:PT Sans Caption
StyleName:Bold
MenuName:PT Sans Caption
StyleBits:2
WeightClass:700
WidthClass:5
AngleClass:0
FullName:PT Sans Caption Bold
WritingScript:Roman
OutlineFileName:/Volumes/BIGDATA2/Klanten Q-Z/Rubco/23_RUBC_T02730 PETS verpakkingen-naam-logo-look&feel/package/C-Animooh!_Geurvernietiger_Voorwerpen_Citroen_185x110mm_V4 Folder/Document fonts/PTSans.ttc
TTCOffset:1384
DataFormat:sfntData
hasSVG:no
hasSBIX:no
hasCOLR:no
VariableFontType:NonVariableFont
FileLength:2794628
FileModTime:751276160
NameArray:0,Mac,18,PT Sans Caption Bold
NameArray:0,Mac,4,PT Sans Caption Bold
NameArray:0,Win,1,PT Sans Caption
%EndFont

%BeginFont
Handler:DirectoryHandler
FontType:TrueType
FontName:PTSans-Italic
FamilyName:PT Sans
StyleName:Italic
MenuName:PT Sans
StyleBits:1
WeightClass:400
WidthClass:5
AngleClass:1
FullName:PT Sans Italic
WritingScript:Roman
OutlineFileName:/Volumes/BIGDATA2/Klanten Q-Z/Rubco/23_RUBC_T02730 PETS verpakkingen-naam-logo-look&feel/package/C-Animooh!_Geurvernietiger_Voorwerpen_Citroen_185x110mm_V4 Folder/Document fonts/PTSans.ttc
TTCOffset:388
DataFormat:sfntData
hasSVG:no
hasSBIX:no
hasCOLR:no
VariableFontType:NonVariableFont
FileLength:2794628
FileModTime:751276160
NameArray:0,Mac,18,PT Sans Italic
NameArray:0,Mac,4,PT Sans Italic
NameArray:0,Win,1,PT Sans
%EndFont

%BeginFont
Handler:DirectoryHandler
FontType:TrueType
FontName:PTSans-Narrow
FamilyName:PT Sans Narrow
StyleName:Regular
MenuName:PT Sans Narrow
StyleBits:0
WeightClass:400
WidthClass:3
AngleClass:0
FullName:PT Sans Narrow
WritingScript:Roman
OutlineFileName:/Volumes/BIGDATA2/Klanten Q-Z/Rubco/23_RUBC_T02730 PETS verpakkingen-naam-logo-look&feel/package/C-Animooh!_Geurvernietiger_Voorwerpen_Citroen_185x110mm_V4 Folder/Document fonts/PTSans.ttc
TTCOffset:1052
DataFormat:sfntData
hasSVG:no
hasSBIX:no
hasCOLR:no
VariableFontType:NonVariableFont
FileLength:2794628
FileModTime:751276160
NameArray:0,Mac,18,PT Sans Narrow
NameArray:0,Mac,4,PT Sans Narrow
NameArray:0,Win,1,PT Sans Narrow
%EndFont

%BeginFont
Handler:DirectoryHandler
FontType:TrueType
FontName:PTSans-NarrowBold
FamilyName:PT Sans Narrow
StyleName:Bold
MenuName:PT Sans Narrow
StyleBits:2
WeightClass:700
WidthClass:3
AngleClass:0
FullName:PT Sans Narrow Bold
WritingScript:Roman
OutlineFileName:/Volumes/BIGDATA2/Klanten Q-Z/Rubco/23_RUBC_T02730 PETS verpakkingen-naam-logo-look&feel/package/C-Animooh!_Geurvernietiger_Voorwerpen_Citroen_185x110mm_V4 Folder/Document fonts/PTSans.ttc
TTCOffset:720
DataFormat:sfntData
hasSVG:no
hasSBIX:no
hasCOLR:no
VariableFontType:NonVariableFont
FileLength:2794628
FileModTime:751276160
NameArray:0,Mac,18,PT Sans Narrow Bold
NameArray:0,Mac,4,PT Sans Narrow Bold
NameArray:0,Win,1,PT Sans Narrow
%EndFont

%BeginFont
Handler:DirectoryHandler
FontType:TrueType
FontName:PTSans-Regular
FamilyName:PT Sans
StyleName:Regular
MenuName:PT Sans
StyleBits:0
WeightClass:400
WidthClass:5
AngleClass:0
FullName:PT Sans
WritingScript:Roman
OutlineFileName:/Volumes/BIGDATA2/Klanten Q-Z/Rubco/23_RUBC_T02730 PETS verpakkingen-naam-logo-look&feel/package/C-Animooh!_Geurvernietiger_Voorwerpen_Citroen_185x110mm_V4 Folder/Document fonts/PTSans.ttc
TTCOffset:56
DataFormat:sfntData
hasSVG:no
hasSBIX:no
hasCOLR:no
VariableFontType:NonVariableFont
FileLength:2794628
FileModTime:751276160
NameArray:0,Mac,18,PT Sans
NameArray:0,Mac,4,PT Sans
NameArray:0,Win,1,PT Sans
%EndFont

